✅ Google بارگذاری شد
✅ سلام تایپ شد
📄 عنوان: Google
🎉 تست تمام!
